<html>
<body>
<pre>
<h1>µVision Build Log</h1>
<h2>Project:</h2>
C:\Users\USER\Desktop\Uppsala_University\Semester_2\Programming_Embedded_Systems\Lab\elevator-lab\lab_env.uvproj
Project File Date:  03/24/2014

<h2>Output:</h2>
Build target 'Target 1'
compiling position_tracker.c...
position_tracker.c(20): warning:  #177-D: variable "counter" was declared but never referenced
        int counter = 0;
position_tracker.c: 1 warning, 0 errors
linking...
Program Size: Code=14224 RO-data=304 RW-data=200 ZI-data=18176  
".\stm32_exec.axf" - 0 Error(s), 1 Warning(s).
signed long previousPosition, currentPosition;
safety.c: 1 warning, 0 errors
linking...
Program Size: Code=14184 RO-data=304 RW-data=200 ZI-data=18176  
".\stm32_exec.axf" - 0 Error(s), 2 Warning(s).
